C:\Users\dkapa\Desktop\hackalem\repo-audit\review\audit-20260923\scratch\main-env\Lib\site-packages\fastapi\testclient.py:1: StarletteDeprecationWarning: Using `httpx` with `starlette.testclient` is deprecated; install `httpx2` instead.
  from starlette.testclient import TestClient as TestClient  # noqa
{
  "branch": "main",
  "source": {
    "nodes": 2248,
    "edges": 3119,
    "transactions": 4840,
    "seeds": 81,
    "isolates": 19,
    "wcc": 35,
    "duplicates_tx": 97,
    "nulls": 0,
    "total_kzt": 365890012.01,
    "n_tx_match": true,
    "sum_max_error": 5.820766091346741e-11,
    "depth_counts": {
      "0": 81,
      "1": 472,
      "2": 462,
      "3": 789,
      "4": 444
    },
    "dtypes": {
      "nodes": {
        "gid": "int64",
        "depth": "int64",
        "is_seed": "bool"
      },
      "edges": {
        "src": "int64",
        "dst": "int64",
        "sum_kzt": "float64",
        "n_tx": "int64",
        "depth": "int8"
      },
      "transactions": {
        "src": "int64",
        "dst": "int64",
        "date": "object",
        "sum_kzt": "float64"
      }
    }
  },
  "versions": {
    "pandas": "2.3.3",
    "numpy": "2.5.1",
    "networkx": "3.4.2",
    "pyarrow": "20.0.0",
    "scikit-learn": "1.7.1",
    "fastapi": "0.138.0",
    "pytest": "9.0.3"
  },
  "committed_output": {
    "rows": 2248,
    "exact_gid_set": true,
    "unique": true,
    "required_nonnull": true,
    "scores_finite_range": true,
    "evidence_max_len": 108,
    "roles": {
      "terminal": 1477,
      "peripheral": 577,
      "transit": 62,
      "coordinator": 54,
      "frontier": 40,
      "consolidator": 24,
      "distributor": 14
    },
    "graph_nodes": 2248,
    "graph_edges": 3119,
    "graph_gid_exact": true,
    "graph_string_ids": true,
    "clusters": 45,
    "cluster_n_nodes": 2248,
    "cluster_n_seed": 81,
    "top_count": 50,
    "top_unique_real": true,
    "top_sorted": true,
    "breakdown_max_error": 0.27755254999004486,
    "breakdown_bad_002": 2248,
    "breakdown_example": {
      "gid": "100000003684369100",
      "priority_score": 0.6974474500099551,
      "score_breakdown": "{\"betweenness\": 0.149, \"degree\": 0.1, \"n_seed_upstream\": 0.198, \"role\": 0.198, \"seed_flow_kzt\": 0.248, \"temporal\": 0.082}"
    },
    "frontier_roles": {
      "terminal": 404,
      "frontier": 40
    },
    "external_claims": [
      {
        "gid": "100000000267734100",
        "evidence": "\u041f\u0435\u0440\u0438\u0444\u0435\u0440\u0438\u0439\u043d\u044b\u0439 \u0443\u0437\u0435\u043b: 2 \u0432\u0445\u043e\u0434\u044f\u0449\u0438\u0445, 7 \u0438\u0441\u0445\u043e\u0434\u044f\u0449\u0438\u0445, \u043e\u0431\u043e\u0440\u043e\u0442 462 \u0442\u044b\u0441.; \u0435\u0441\u0442\u044c \u0438\u0441\u0442\u043e\u0447\u043d\u0438\u043a\u0438 \u0432\u043d\u0435 \u0432\u044b\u0431\u043e\u0440\u043a\u0438"
      },
      {
        "gid": "100000001380054100",
        "evidence": "\u041f\u0435\u0440\u0438\u0444\u0435\u0440\u0438\u0439\u043d\u044b\u0439 \u0443\u0437\u0435\u043b: 2 \u0432\u0445\u043e\u0434\u044f\u0449\u0438\u0445, 3 \u0438\u0441\u0445\u043e\u0434\u044f\u0449\u0438\u0445, \u043e\u0431\u043e\u0440\u043e\u0442 487 \u0442\u044b\u0441.; \u0435\u0441\u0442\u044c \u0438\u0441\u0442\u043e\u0447\u043d\u0438\u043a\u0438 \u0432\u043d\u0435 \u0432\u044b\u0431\u043e\u0440\u043a\u0438"
      },
      {
        "gid": "100000005527892100",
        "evidence": "\u041f\u0435\u0440\u0438\u0444\u0435\u0440\u0438\u0439\u043d\u044b\u0439 \u0443\u0437\u0435\u043b: 3 \u0432\u0445\u043e\u0434\u044f\u0449\u0438\u0445, 8 \u0438\u0441\u0445\u043e\u0434\u044f\u0449\u0438\u0445, \u043e\u0431\u043e\u0440\u043e\u0442 772 \u0442\u044b\u0441.; \u0435\u0441\u0442\u044c \u0438\u0441\u0442\u043e\u0447\u043d\u0438\u043a\u0438 \u0432\u043d\u0435 \u0432\u044b\u0431\u043e\u0440\u043a\u0438"
      }
    ],
    "seed_consolidators": [
      {
        "gid": "100000004019124100",
        "in_kzt": 193000.0,
        "out_kzt": 0.0,
        "pass_ratio": NaN,
        "evidence": "\u041f\u0440\u0438\u0437\u043d\u0430\u043a\u0438 \u043a\u043e\u043d\u0441\u043e\u043b\u0438\u0434\u0430\u0446\u0438\u0438: 3 \u043f\u043b\u0430\u0442\u0435\u043b\u044c\u0449\u0438\u043a\u043e\u0432, \u0434\u0435\u043d\u044c\u0433\u0438 \u043e\u0442 4 seed \u0437\u0430 \u22642 \u043a\u043e\u043b\u0435\u043d\u0430, seed-\u043f\u043e\u0442\u043e\u043a 157 \u0442\u044b\u0441., \u0434\u0430\u043b\u044c\u0448\u0435 \u0443\u0448\u043b\u043e 0%"
      },
      {
        "gid": "100000005382566100",
        "in_kzt": 393066.0,
        "out_kzt": 50000.0,
        "pass_ratio": NaN,
        "evidence": "\u041f\u0440\u0438\u0437\u043d\u0430\u043a\u0438 \u043a\u043e\u043d\u0441\u043e\u043b\u0438\u0434\u0430\u0446\u0438\u0438: 7 \u043f\u043b\u0430\u0442\u0435\u043b\u044c\u0449\u0438\u043a\u043e\u0432, \u0434\u0435\u043d\u044c\u0433\u0438 \u043e\u0442 6 seed \u0437\u0430 \u22642 \u043a\u043e\u043b\u0435\u043d\u0430, seed-\u043f\u043e\u0442\u043e\u043a 340 \u0442\u044b\u0441., \u0434\u0430\u043b\u044c\u0448\u0435 \u0443\u0448\u043b\u043e 0%"
      },
      {
        "gid": "100000005668605100",
        "in_kzt": 94500.0,
        "out_kzt": 0.0,
        "pass_ratio": NaN,
        "evidence": "\u041f\u0440\u0438\u0437\u043d\u0430\u043a\u0438 \u043a\u043e\u043d\u0441\u043e\u043b\u0438\u0434\u0430\u0446\u0438\u0438: 3 \u043f\u043b\u0430\u0442\u0435\u043b\u044c\u0449\u0438\u043a\u043e\u0432, \u0434\u0435\u043d\u044c\u0433\u0438 \u043e\u0442 4 seed \u0437\u0430 \u22642 \u043a\u043e\u043b\u0435\u043d\u0430, seed-\u043f\u043e\u0442\u043e\u043a 63 \u0442\u044b\u0441., \u0434\u0430\u043b\u044c\u0448\u0435 \u0443\u0448\u043b\u043e 0%"
      },
      {
        "gid": "100000008516839100",
        "in_kzt": 155000.0,
        "out_kzt": 0.0,
        "pass_ratio": NaN,
        "evidence": "\u041f\u0440\u0438\u0437\u043d\u0430\u043a\u0438 \u043a\u043e\u043d\u0441\u043e\u043b\u0438\u0434\u0430\u0446\u0438\u0438: 3 \u043f\u043b\u0430\u0442\u0435\u043b\u044c\u0449\u0438\u043a\u043e\u0432, \u0434\u0435\u043d\u044c\u0433\u0438 \u043e\u0442 3 seed \u0437\u0430 \u22642 \u043a\u043e\u043b\u0435\u043d\u0430, seed-\u043f\u043e\u0442\u043e\u043a 102 \u0442\u044b\u0441., \u0434\u0430\u043b\u044c\u0448\u0435 \u0443\u0448\u043b\u043e 0%"
      }
    ],
    "cluster_errors": [],
    "graph_csv_match": true,
    "examples": [
      {
        "gid": "100000007908818100",
        "role": "coordinator",
        "priority_score": 0.9497454276530988,
        "evidence": "\u041a\u0430\u043d\u0434\u0438\u0434\u0430\u0442 \u0432 \u043a\u043e\u043e\u0440\u0434\u0438\u043d\u0438\u0440\u0443\u044e\u0449\u0438\u0439 \u0443\u0437\u0435\u043b: 4 \u043f\u043b\u0430\u0442\u0435\u043b\u044c\u0449\u0438\u043a\u043e\u0432 \u2192 6 \u043f\u043e\u043b\u0443\u0447\u0430\u0442\u0435\u043b\u0435\u0439; \u0441\u0438\u0433\u043d\u0430\u043b\u044b S3"
      },
      {
        "gid": "100000004015047100",
        "role": "consolidator",
        "priority_score": 0.956111158517507,
        "evidence": "\u041f\u0440\u0438\u0437\u043d\u0430\u043a\u0438 \u043a\u043e\u043d\u0441\u043e\u043b\u0438\u0434\u0430\u0446\u0438\u0438: 9 \u043f\u043b\u0430\u0442\u0435\u043b\u044c\u0449\u0438\u043a\u043e\u0432, \u0434\u0435\u043d\u044c\u0433\u0438 \u043e\u0442 4 seed \u0437\u0430 \u22642 \u043a\u043e\u043b\u0435\u043d\u0430, seed-\u043f\u043e\u0442\u043e\u043a 585 \u0442\u044b\u0441., \u0434\u0430\u043b\u044c\u0448\u0435 \u0443\u0448\u043b\u043e 8%"
      },
      {
        "gid": "100000002670860100",
        "role": "terminal",
        "priority_score": 0.6847398811047586,
        "evidence": "\u0412\u0435\u0440\u043e\u044f\u0442\u043d\u044b\u0439 \u043a\u043e\u043d\u0435\u0447\u043d\u044b\u0439 \u043f\u043e\u043b\u0443\u0447\u0430\u0442\u0435\u043b\u044c: 2 \u043f\u043b\u0430\u0442\u0435\u043b\u044c\u0449\u0438\u043a\u043e\u0432, \u043f\u043e\u043b\u0443\u0447\u0435\u043d\u043e 450 \u0442\u044b\u0441., \u0438\u0441\u0445\u043e\u0434\u044f\u0449\u0438\u0445 \u043d\u0435\u0442"
      },
      {
        "gid": "100000004527381100",
        "role": "peripheral",
        "priority_score": 0.6317433228091134,
        "evidence": "\u041f\u0435\u0440\u0438\u0444\u0435\u0440\u0438\u0439\u043d\u044b\u0439 \u0443\u0437\u0435\u043b: 1 \u0432\u0445\u043e\u0434\u044f\u0449\u0438\u0445, 1 \u0438\u0441\u0445\u043e\u0434\u044f\u0449\u0438\u0445, \u043e\u0431\u043e\u0440\u043e\u0442 393 \u0442\u044b\u0441.; \u0435\u0441\u0442\u044c \u0438\u0441\u0442\u043e\u0447\u043d\u0438\u043a\u0438 \u0432\u043d\u0435 \u0432\u044b\u0431\u043e\u0440\u043a\u0438"
      },
      {
        "gid": "100000008568512100",
        "role": "terminal",
        "priority_score": 0.3993685468043347,
        "evidence": "\u0412\u0435\u0440\u043e\u044f\u0442\u043d\u044b\u0439 \u043a\u043e\u043d\u0435\u0447\u043d\u044b\u0439 \u043f\u043e\u043b\u0443\u0447\u0430\u0442\u0435\u043b\u044c: 1 \u043f\u043b\u0430\u0442\u0435\u043b\u044c\u0449\u0438\u043a\u043e\u0432, \u043f\u043e\u043b\u0443\u0447\u0435\u043d\u043e 200 \u0442\u044b\u0441., \u0438\u0441\u0445\u043e\u0434\u044f\u0449\u0438\u0445 \u043d\u0435\u0442"
      },
      {
        "gid": "100000005171642100",
        "role": "transit",
        "priority_score": 0.7408937053787297,
        "evidence": "\u041f\u0440\u0438\u0437\u043d\u0430\u043a\u0438 \u0442\u0440\u0430\u043d\u0437\u0438\u0442\u0430: \u043f\u043e\u043b\u0443\u0447\u0435\u043d\u043e 697 \u0442\u044b\u0441., \u043e\u0442\u0434\u0430\u043d\u043e 98%, \u043c\u0435\u0434\u0438\u0430\u043d\u0430 \u0437\u0430\u0434\u0435\u0440\u0436\u043a\u0438 0 \u0434\u043d., 2\u21921 \u043a\u043e\u043d\u0442\u0440\u0430\u0433\u0435\u043d\u0442\u0430"
      },
      {
        "gid": "100000005075949100",
        "role": "frontier",
        "priority_score": 0.406331598259237,
        "evidence": "4-\u0435 \u043a\u043e\u043b\u0435\u043d\u043e, \u043e\u0431\u0440\u044b\u0432 \u043e\u0431\u0445\u043e\u0434\u0430; \u0432\u0435\u0440\u043e\u044f\u0442\u043d\u043e \u043f\u0435\u0440\u0435\u0434\u0430\u0451\u0442 \u0434\u0430\u043b\u044c\u0448\u0435, P(\u043a\u043e\u043d\u0435\u0447\u043d\u044b\u0439)=0.34 \u2014 \u043e\u0446\u0435\u043d\u043a\u0430 \u043f\u043e \u0430\u043d\u0430\u043b\u043e\u0433\u0430\u043c"
      }
    ]
  },
  "fresh_output": {
    "rows": 2248,
    "exact_gid_set": true,
    "unique": true,
    "required_nonnull": true,
    "scores_finite_range": true,
    "evidence_max_len": 108,
    "roles": {
      "terminal": 1477,
      "peripheral": 577,
      "transit": 62,
      "coordinator": 54,
      "frontier": 40,
      "consolidator": 24,
      "distributor": 14
    },
    "graph_nodes": 2248,
    "graph_edges": 3119,
    "graph_gid_exact": true,
    "graph_string_ids": true,
    "clusters": 45,
    "cluster_n_nodes": 2248,
    "cluster_n_seed": 81,
    "top_count": 50,
    "top_unique_real": true,
    "top_sorted": true,
    "breakdown_max_error": 0.27755254999004486,
    "breakdown_bad_002": 2248,
    "breakdown_example": {
      "gid": "100000003684369100",
      "priority_score": 0.6974474500099551,
      "score_breakdown": "{\"betweenness\": 0.149, \"degree\": 0.1, \"n_seed_upstream\": 0.198, \"role\": 0.198, \"seed_flow_kzt\": 0.248, \"temporal\": 0.082}"
    },
    "frontier_roles": {
      "terminal": 404,
      "frontier": 40
    },
    "external_claims": [
      {
        "gid": "100000000267734100",
        "evidence": "\u041f\u0435\u0440\u0438\u0444\u0435\u0440\u0438\u0439\u043d\u044b\u0439 \u0443\u0437\u0435\u043b: 2 \u0432\u0445\u043e\u0434\u044f\u0449\u0438\u0445, 7 \u0438\u0441\u0445\u043e\u0434\u044f\u0449\u0438\u0445, \u043e\u0431\u043e\u0440\u043e\u0442 462 \u0442\u044b\u0441.; \u0435\u0441\u0442\u044c \u0438\u0441\u0442\u043e\u0447\u043d\u0438\u043a\u0438 \u0432\u043d\u0435 \u0432\u044b\u0431\u043e\u0440\u043a\u0438"
      },
      {
        "gid": "100000001380054100",
        "evidence": "\u041f\u0435\u0440\u0438\u0444\u0435\u0440\u0438\u0439\u043d\u044b\u0439 \u0443\u0437\u0435\u043b: 2 \u0432\u0445\u043e\u0434\u044f\u0449\u0438\u0445, 3 \u0438\u0441\u0445\u043e\u0434\u044f\u0449\u0438\u0445, \u043e\u0431\u043e\u0440\u043e\u0442 487 \u0442\u044b\u0441.; \u0435\u0441\u0442\u044c \u0438\u0441\u0442\u043e\u0447\u043d\u0438\u043a\u0438 \u0432\u043d\u0435 \u0432\u044b\u0431\u043e\u0440\u043a\u0438"
      },
      {
        "gid": "100000005527892100",
        "evidence": "\u041f\u0435\u0440\u0438\u0444\u0435\u0440\u0438\u0439\u043d\u044b\u0439 \u0443\u0437\u0435\u043b: 3 \u0432\u0445\u043e\u0434\u044f\u0449\u0438\u0445, 8 \u0438\u0441\u0445\u043e\u0434\u044f\u0449\u0438\u0445, \u043e\u0431\u043e\u0440\u043e\u0442 772 \u0442\u044b\u0441.; \u0435\u0441\u0442\u044c \u0438\u0441\u0442\u043e\u0447\u043d\u0438\u043a\u0438 \u0432\u043d\u0435 \u0432\u044b\u0431\u043e\u0440\u043a\u0438"
      }
    ],
    "seed_consolidators": [
      {
        "gid": "100000004019124100",
        "in_kzt": 193000.0,
        "out_kzt": 0.0,
        "pass_ratio": NaN,
        "evidence": "\u041f\u0440\u0438\u0437\u043d\u0430\u043a\u0438 \u043a\u043e\u043d\u0441\u043e\u043b\u0438\u0434\u0430\u0446\u0438\u0438: 3 \u043f\u043b\u0430\u0442\u0435\u043b\u044c\u0449\u0438\u043a\u043e\u0432, \u0434\u0435\u043d\u044c\u0433\u0438 \u043e\u0442 4 seed \u0437\u0430 \u22642 \u043a\u043e\u043b\u0435\u043d\u0430, seed-\u043f\u043e\u0442\u043e\u043a 157 \u0442\u044b\u0441., \u0434\u0430\u043b\u044c\u0448\u0435 \u0443\u0448\u043b\u043e 0%"
      },
      {
        "gid": "100000005382566100",
        "in_kzt": 393066.0,
        "out_kzt": 50000.0,
        "pass_ratio": NaN,
        "evidence": "\u041f\u0440\u0438\u0437\u043d\u0430\u043a\u0438 \u043a\u043e\u043d\u0441\u043e\u043b\u0438\u0434\u0430\u0446\u0438\u0438: 7 \u043f\u043b\u0430\u0442\u0435\u043b\u044c\u0449\u0438\u043a\u043e\u0432, \u0434\u0435\u043d\u044c\u0433\u0438 \u043e\u0442 6 seed \u0437\u0430 \u22642 \u043a\u043e\u043b\u0435\u043d\u0430, seed-\u043f\u043e\u0442\u043e\u043a 340 \u0442\u044b\u0441., \u0434\u0430\u043b\u044c\u0448\u0435 \u0443\u0448\u043b\u043e 0%"
      },
      {
        "gid": "100000005668605100",
        "in_kzt": 94500.0,
        "out_kzt": 0.0,
        "pass_ratio": NaN,
        "evidence": "\u041f\u0440\u0438\u0437\u043d\u0430\u043a\u0438 \u043a\u043e\u043d\u0441\u043e\u043b\u0438\u0434\u0430\u0446\u0438\u0438: 3 \u043f\u043b\u0430\u0442\u0435\u043b\u044c\u0449\u0438\u043a\u043e\u0432, \u0434\u0435\u043d\u044c\u0433\u0438 \u043e\u0442 4 seed \u0437\u0430 \u22642 \u043a\u043e\u043b\u0435\u043d\u0430, seed-\u043f\u043e\u0442\u043e\u043a 63 \u0442\u044b\u0441., \u0434\u0430\u043b\u044c\u0448\u0435 \u0443\u0448\u043b\u043e 0%"
      },
      {
        "gid": "100000008516839100",
        "in_kzt": 155000.0,
        "out_kzt": 0.0,
        "pass_ratio": NaN,
        "evidence": "\u041f\u0440\u0438\u0437\u043d\u0430\u043a\u0438 \u043a\u043e\u043d\u0441\u043e\u043b\u0438\u0434\u0430\u0446\u0438\u0438: 3 \u043f\u043b\u0430\u0442\u0435\u043b\u044c\u0449\u0438\u043a\u043e\u0432, \u0434\u0435\u043d\u044c\u0433\u0438 \u043e\u0442 3 seed \u0437\u0430 \u22642 \u043a\u043e\u043b\u0435\u043d\u0430, seed-\u043f\u043e\u0442\u043e\u043a 102 \u0442\u044b\u0441., \u0434\u0430\u043b\u044c\u0448\u0435 \u0443\u0448\u043b\u043e 0%"
      }
    ],
    "cluster_errors": [],
    "graph_csv_match": true,
    "examples": [
      {
        "gid": "100000007908818100",
        "role": "coordinator",
        "priority_score": 0.9497454276530988,
        "evidence": "\u041a\u0430\u043d\u0434\u0438\u0434\u0430\u0442 \u0432 \u043a\u043e\u043e\u0440\u0434\u0438\u043d\u0438\u0440\u0443\u044e\u0449\u0438\u0439 \u0443\u0437\u0435\u043b: 4 \u043f\u043b\u0430\u0442\u0435\u043b\u044c\u0449\u0438\u043a\u043e\u0432 \u2192 6 \u043f\u043e\u043b\u0443\u0447\u0430\u0442\u0435\u043b\u0435\u0439; \u0441\u0438\u0433\u043d\u0430\u043b\u044b S3"
      },
      {
        "gid": "100000004015047100",
        "role": "consolidator",
        "priority_score": 0.956111158517507,
        "evidence": "\u041f\u0440\u0438\u0437\u043d\u0430\u043a\u0438 \u043a\u043e\u043d\u0441\u043e\u043b\u0438\u0434\u0430\u0446\u0438\u0438: 9 \u043f\u043b\u0430\u0442\u0435\u043b\u044c\u0449\u0438\u043a\u043e\u0432, \u0434\u0435\u043d\u044c\u0433\u0438 \u043e\u0442 4 seed \u0437\u0430 \u22642 \u043a\u043e\u043b\u0435\u043d\u0430, seed-\u043f\u043e\u0442\u043e\u043a 585 \u0442\u044b\u0441., \u0434\u0430\u043b\u044c\u0448\u0435 \u0443\u0448\u043b\u043e 8%"
      },
      {
        "gid": "100000002670860100",
        "role": "terminal",
        "priority_score": 0.6847398811047586,
        "evidence": "\u0412\u0435\u0440\u043e\u044f\u0442\u043d\u044b\u0439 \u043a\u043e\u043d\u0435\u0447\u043d\u044b\u0439 \u043f\u043e\u043b\u0443\u0447\u0430\u0442\u0435\u043b\u044c: 2 \u043f\u043b\u0430\u0442\u0435\u043b\u044c\u0449\u0438\u043a\u043e\u0432, \u043f\u043e\u043b\u0443\u0447\u0435\u043d\u043e 450 \u0442\u044b\u0441., \u0438\u0441\u0445\u043e\u0434\u044f\u0449\u0438\u0445 \u043d\u0435\u0442"
      },
      {
        "gid": "100000004527381100",
        "role": "peripheral",
        "priority_score": 0.6317433228091134,
        "evidence": "\u041f\u0435\u0440\u0438\u0444\u0435\u0440\u0438\u0439\u043d\u044b\u0439 \u0443\u0437\u0435\u043b: 1 \u0432\u0445\u043e\u0434\u044f\u0449\u0438\u0445, 1 \u0438\u0441\u0445\u043e\u0434\u044f\u0449\u0438\u0445, \u043e\u0431\u043e\u0440\u043e\u0442 393 \u0442\u044b\u0441.; \u0435\u0441\u0442\u044c \u0438\u0441\u0442\u043e\u0447\u043d\u0438\u043a\u0438 \u0432\u043d\u0435 \u0432\u044b\u0431\u043e\u0440\u043a\u0438"
      },
      {
        "gid": "100000008568512100",
        "role": "terminal",
        "priority_score": 0.3993685468043347,
        "evidence": "\u0412\u0435\u0440\u043e\u044f\u0442\u043d\u044b\u0439 \u043a\u043e\u043d\u0435\u0447\u043d\u044b\u0439 \u043f\u043e\u043b\u0443\u0447\u0430\u0442\u0435\u043b\u044c: 1 \u043f\u043b\u0430\u0442\u0435\u043b\u044c\u0449\u0438\u043a\u043e\u0432, \u043f\u043e\u043b\u0443\u0447\u0435\u043d\u043e 200 \u0442\u044b\u0441., \u0438\u0441\u0445\u043e\u0434\u044f\u0449\u0438\u0445 \u043d\u0435\u0442"
      },
      {
        "gid": "100000005171642100",
        "role": "transit",
        "priority_score": 0.7408937053787297,
        "evidence": "\u041f\u0440\u0438\u0437\u043d\u0430\u043a\u0438 \u0442\u0440\u0430\u043d\u0437\u0438\u0442\u0430: \u043f\u043e\u043b\u0443\u0447\u0435\u043d\u043e 697 \u0442\u044b\u0441., \u043e\u0442\u0434\u0430\u043d\u043e 98%, \u043c\u0435\u0434\u0438\u0430\u043d\u0430 \u0437\u0430\u0434\u0435\u0440\u0436\u043a\u0438 0 \u0434\u043d., 2\u21921 \u043a\u043e\u043d\u0442\u0440\u0430\u0433\u0435\u043d\u0442\u0430"
      },
      {
        "gid": "100000005075949100",
        "role": "frontier",
        "priority_score": 0.406331598259237,
        "evidence": "4-\u0435 \u043a\u043e\u043b\u0435\u043d\u043e, \u043e\u0431\u0440\u044b\u0432 \u043e\u0431\u0445\u043e\u0434\u0430; \u0432\u0435\u0440\u043e\u044f\u0442\u043d\u043e \u043f\u0435\u0440\u0435\u0434\u0430\u0451\u0442 \u0434\u0430\u043b\u044c\u0448\u0435, P(\u043a\u043e\u043d\u0435\u0447\u043d\u044b\u0439)=0.34 \u2014 \u043e\u0446\u0435\u043d\u043a\u0430 \u043f\u043e \u0430\u043d\u0430\u043b\u043e\u0433\u0430\u043c"
      }
    ]
  },
  "corrupt_aggregate_accepted": true,
  "api": {
    "top_gid_type": "int",
    "node_gid_type": "int",
    "search_exact": [
      {
        "gid": "100000000343175100",
        "role": "coordinator",
        "priority": 0.6623130528770942
      }
    ],
    "isolate_search": [
      {
        "gid": "100000000456947100",
        "role": "peripheral",
        "priority": 0.12461302158887275
      }
    ],
    "isolate_status": 200,
    "missing_status": 404,
    "graph_count": 2248
  },
  "temporal_100k_in_50k_out_same_day": [
    1.0,
    0.0
  ]
}
